<?xml version="1.0" encoding="UTF-8"?>
<testsuites name="Mocha Tests" time="0.001" tests="4" failures="0">
  <testsuite name="Root Suite" timestamp="2018-03-31T14:48:56" tests="0" failures="0" time="0">
  </testsuite>
  <testsuite name="arraysEqual" timestamp="2018-03-31T14:48:56" tests="4" file="/Users/tdukart/dev/string-arrays-equal/test/index.js" failures="0" time="0.001">
    <testcase name="arraysEqual matches two equal arrays with the same order" time="0.001" classname="matches two equal arrays with the same order">
    </testcase>
    <testcase name="arraysEqual matches two equal arrays with different order" time="0" classname="matches two equal arrays with different order">
    </testcase>
    <testcase name="arraysEqual does not match two arrays of different lengths" time="0" classname="does not match two arrays of different lengths">
    </testcase>
    <testcase name="arraysEqual does not match two arrays of the same length but different values" time="0" classname="does not match two arrays of the same length but different values">
    </testcase>
  </testsuite>
</testsuites>